
> reminisce@0.1.0 build
> next build

  Γû▓ Next.js 14.2.35
  - Environments: .env.local

   Creating an optimized production build ...
 Γ£ô Compiled successfully
   Linting and checking validity of types ...
   Collecting page data ...
   Generating static pages (0/29) ...
Agent history error: B [Error]: Dynamic server usage: Route /api/agent/history couldn't be rendered statically because it used `request.headers`. See more info here: https://nextjs.org/docs/messages/dynamic-server-error
    at V (C:\Users\user\Desktop\Reminisce v2\reminisce\node_modules\next\dist\compiled\next-server\app-route.runtime.prod.js:6:21778)
    at Object.get (C:\Users\user\Desktop\Reminisce v2\reminisce\node_modules\next\dist\compiled\next-server\app-route.runtime.prod.js:6:29465)
    at p (C:\Users\user\Desktop\Reminisce v2\reminisce\.next\server\app\api\agent\history\route.js:1:535)
    at C:\Users\user\Desktop\Reminisce v2\reminisce\node_modules\next\dist\compiled\next-server\app-route.runtime.prod.js:6:38417
    at C:\Users\user\Desktop\Reminisce v2\reminisce\node_modules\next\dist\server\lib\trace\tracer.js:140:36
    at NoopContextManager.with (C:\Users\user\Desktop\Reminisce v2\reminisce\node_modules\@opentelemetry\api\build\src\context\NoopContextManager.js:25:19)
    at ContextAPI.with (C:\Users\user\Desktop\Reminisce v2\reminisce\node_modules\@opentelemetry\api\build\src\api\context.js:60:46)
    at NoopTracer.startActiveSpan (C:\Users\user\Desktop\Reminisce v2\reminisce\node_modules\@opentelemetry\api\build\src\trace\NoopTracer.js:65:31)
    at ProxyTracer.startActiveSpan (C:\Users\user\Desktop\Reminisce v2\reminisce\node_modules\@opentelemetry\api\build\src\trace\ProxyTracer.js:36:24)
    at C:\Users\user\Desktop\Reminisce v2\reminisce\node_modules\next\dist\server\lib\trace\tracer.js:122:103 {
  description: "Route /api/agent/history couldn't be rendered statically because it used `request.headers`. See more info here: https://nextjs.org/docs/messages/dynamic-server-error",
  digest: 'DYNAMIC_SERVER_USAGE'
}
n [Error]: Dynamic server usage: Route /api/templates/list couldn't be rendered statically because it used `cookies`. See more info here: https://nextjs.org/docs/messages/dynamic-server-error
    at l (C:\Users\user\Desktop\Reminisce v2\reminisce\.next\server\chunks\8948.js:1:56329)
    at Object.p [as cookies] (C:\Users\user\Desktop\Reminisce v2\reminisce\.next\server\chunks\958.js:1:9879)
    at A.getCookie (C:\Users\user\Desktop\Reminisce v2\reminisce\.next\server\chunks\958.js:1:5527)
    at A.getItem (C:\Users\user\Desktop\Reminisce v2\reminisce\.next\server\chunks\958.js:1:20674)
    at ty (C:\Users\user\Desktop\Reminisce v2\reminisce\.next\server\chunks\7857.js:24:39543)
    at rf._recoverAndRefresh (C:\Users\user\Desktop\Reminisce v2\reminisce\.next\server\chunks\7857.js:37:26684)
    at rf._initialize (C:\Users\user\Desktop\Reminisce v2\reminisce\.next\server\chunks\7857.js:24:71328)
    at C:\Users\user\Desktop\Reminisce v2\reminisce\.next\server\chunks\7857.js:24:70321
    at C:\Users\user\Desktop\Reminisce v2\reminisce\.next\server\chunks\7857.js:37:12391
    at rf.t7 [as lock] (C:\Users\user\Desktop\Reminisce v2\reminisce\.next\server\chunks\7857.js:24:66110) {
  description: "Route /api/templates/list couldn't be rendered statically because it used `cookies`. See more info here: https://nextjs.org/docs/messages/dynamic-server-error",
  digest: 'DYNAMIC_SERVER_USAGE'
}
   Generating static pages (7/29) 
   Generating static pages (14/29) 
History load error: B [Error]: Dynamic server usage: Route /api/context/history couldn't be rendered statically because it used `request.headers`. See more info here: https://nextjs.org/docs/messages/dynamic-server-error
    at V (C:\Users\user\Desktop\Reminisce v2\reminisce\node_modules\next\dist\compiled\next-server\app-route.runtime.prod.js:6:21778)
    at Object.get (C:\Users\user\Desktop\Reminisce v2\reminisce\node_modules\next\dist\compiled\next-server\app-route.runtime.prod.js:6:29465)
    at u (C:\Users\user\Desktop\Reminisce v2\reminisce\.next\server\app\api\context\history\route.js:1:535)
    at C:\Users\user\Desktop\Reminisce v2\reminisce\node_modules\next\dist\compiled\next-server\app-route.runtime.prod.js:6:38417
    at C:\Users\user\Desktop\Reminisce v2\reminisce\node_modules\next\dist\server\lib\trace\tracer.js:140:36
    at NoopContextManager.with (C:\Users\user\Desktop\Reminisce v2\reminisce\node_modules\@opentelemetry\api\build\src\context\NoopContextManager.js:25:19)
    at ContextAPI.with (C:\Users\user\Desktop\Reminisce v2\reminisce\node_modules\@opentelemetry\api\build\src\api\context.js:60:46)
    at NoopTracer.startActiveSpan (C:\Users\user\Desktop\Reminisce v2\reminisce\node_modules\@opentelemetry\api\build\src\trace\NoopTracer.js:65:31)
    at ProxyTracer.startActiveSpan (C:\Users\user\Desktop\Reminisce v2\reminisce\node_modules\@opentelemetry\api\build\src\trace\ProxyTracer.js:36:24)
    at C:\Users\user\Desktop\Reminisce v2\reminisce\node_modules\next\dist\server\lib\trace\tracer.js:122:103 {
  description: "Route /api/context/history couldn't be rendered statically because it used `request.headers`. See more info here: https://nextjs.org/docs/messages/dynamic-server-error",
  digest: 'DYNAMIC_SERVER_USAGE'
}
   Generating static pages (21/29) 
List prompts error: B [Error]: Dynamic server usage: Route /api/prompts/list couldn't be rendered statically because it used `request.headers`. See more info here: https://nextjs.org/docs/messages/dynamic-server-error
    at V (C:\Users\user\Desktop\Reminisce v2\reminisce\node_modules\next\dist\compiled\next-server\app-route.runtime.prod.js:6:21778)
    at Object.get (C:\Users\user\Desktop\Reminisce v2\reminisce\node_modules\next\dist\compiled\next-server\app-route.runtime.prod.js:6:29465)
    at u (C:\Users\user\Desktop\Reminisce v2\reminisce\.next\server\app\api\prompts\list\route.js:1:535)
    at C:\Users\user\Desktop\Reminisce v2\reminisce\node_modules\next\dist\compiled\next-server\app-route.runtime.prod.js:6:38417
    at C:\Users\user\Desktop\Reminisce v2\reminisce\node_modules\next\dist\server\lib\trace\tracer.js:140:36
    at NoopContextManager.with (C:\Users\user\Desktop\Reminisce v2\reminisce\node_modules\@opentelemetry\api\build\src\context\NoopContextManager.js:25:19)
    at ContextAPI.with (C:\Users\user\Desktop\Reminisce v2\reminisce\node_modules\@opentelemetry\api\build\src\api\context.js:60:46)
    at NoopTracer.startActiveSpan (C:\Users\user\Desktop\Reminisce v2\reminisce\node_modules\@opentelemetry\api\build\src\trace\NoopTracer.js:65:31)
    at ProxyTracer.startActiveSpan (C:\Users\user\Desktop\Reminisce v2\reminisce\node_modules\@opentelemetry\api\build\src\trace\ProxyTracer.js:36:24)
    at C:\Users\user\Desktop\Reminisce v2\reminisce\node_modules\next\dist\server\lib\trace\tracer.js:122:103 {
  description: "Route /api/prompts/list couldn't be rendered statically because it used `request.headers`. See more info here: https://nextjs.org/docs/messages/dynamic-server-error",
  digest: 'DYNAMIC_SERVER_USAGE'
}
 Γ£ô Generating static pages (29/29)
   Finalizing page optimization ...
   Collecting build traces ...

Route (app)                              Size     First Load JS
Γöî Γùï /                                    6.08 kB         103 kB
Γö£ Γùï /_not-found                          873 B          88.2 kB
Γö£ ╞Æ /api/agent/history                   0 B                0 B
Γö£ ╞Æ /api/agent/run                       0 B                0 B
Γö£ ╞Æ /api/context/history                 0 B                0 B
Γö£ ╞Æ /api/context/version                 0 B                0 B
Γö£ ╞Æ /api/export                          0 B                0 B
Γö£ ╞Æ /api/keys/delete                     0 B                0 B
Γö£ ╞Æ /api/keys/list                       0 B                0 B
Γö£ Γùï /api/keys/models                     0 B                0 B
Γö£ ╞Æ /api/keys/save                       0 B                0 B
Γö£ ╞Æ /api/prompts/list                    0 B                0 B
Γö£ ╞Æ /api/prompts/structure               0 B                0 B
Γö£ ╞Æ /api/proxy                           0 B                0 B
Γö£ ╞Æ /api/templates/delete                0 B                0 B
Γö£ ╞Æ /api/templates/list                  0 B                0 B
Γö£ ╞Æ /api/templates/save                  0 B                0 B
Γö£ ╞Æ /api/templates/use                   0 B                0 B
Γö£ ╞Æ /api/test-ai                         0 B                0 B
Γö£ ╞Æ /api/wizard/chat                     0 B                0 B
Γö£ ╞Æ /api/wizard/generate                 0 B                0 B
Γö£ Γùï /capabilities                        5.01 kB         102 kB
Γö£ Γùï /dashboard                           30.3 kB         192 kB
Γö£ ╞Æ /dashboard/projects/[id]             6.19 kB         164 kB
Γö£ ╞Æ /dashboard/projects/[id]/agent       40.7 kB         189 kB
Γö£ ╞Æ /dashboard/projects/[id]/api-lab     4.76 kB         153 kB
Γö£ ╞Æ /dashboard/projects/[id]/context     8.65 kB         157 kB
Γö£ ╞Æ /dashboard/projects/[id]/graph       76.7 kB         239 kB
Γö£ ╞Æ /dashboard/projects/[id]/prompts     4.96 kB         154 kB
Γö£ ╞Æ /dashboard/projects/[id]/settings    5.68 kB         154 kB
Γö£ ╞Æ /dashboard/projects/[id]/wizard      7.49 kB         165 kB
Γö£ Γùï /dashboard/templates                 5.7 kB          154 kB
Γö£ Γùï /docs                                4.65 kB         101 kB
Γö£ Γùï /engineering                         5.92 kB         103 kB
Γö£ Γùï /login                               5.19 kB         163 kB
Γöö Γùï /signup                              4.73 kB         163 kB
+ First Load JS shared by all            87.4 kB
  Γö£ chunks/117-9373292ab78e2fb7.js       31.7 kB
  Γö£ chunks/fd9d1056-e4180aeec2f05a07.js  53.6 kB
  Γöö other shared chunks (total)          2 kB


Γùï  (Static)   prerendered as static content
╞Æ  (Dynamic)  server-rendered on demand

